(program
  (let
    (nonrec)
    (datatypebind
      (datatype
        (tyvardecl Bool (type))

        Bool_match
        (vardecl True Bool) (vardecl False Bool)
      )
    )
    (termbind
      (strict)
      (vardecl andExternal (fun Bool (fun Bool Bool)))
      (lam
        a
        Bool
        (lam
          b
          Bool
          (force
            [ [ { [ Bool_match a ] (delayed Bool) } (delay b) ] (delay False) ]
          )
        )
      )
    )
    [ [ andExternal True ] False ]
  )
)