(program
  (let
    (nonrec)
    (datatypebind
      (datatype
        (tyvardecl Bool (type))

        Bool_match
        (vardecl True Bool) (vardecl False Bool)
      )
    )
    (termbind
      (strict)
      (vardecl nandDirect (fun Bool (fun Bool Bool)))
      (lam
        ds
        Bool
        (lam
          ds
          Bool
          (force
            [
              [ { [ Bool_match ds ] (delayed Bool) } (delay False) ]
              (delay
                (force
                  [
                    [ { [ Bool_match ds ] (delayed Bool) } (delay False) ]
                    (delay True)
                  ]
                )
              )
            ]
          )
        )
      )
    )
    [ [ nandDirect True ] False ]
  )
)