(program
  (let
    (nonrec)
    (datatypebind
      (datatype
        (tyvardecl MyMonoData (type))

        MyMonoData_match
        (vardecl Mono (fun (con integer) (fun (con integer) MyMonoData)))
        (vardecl Mono (fun (con integer) MyMonoData))
        (vardecl Mono (fun (con integer) MyMonoData))
      )
    )
    (lam
      ds
      MyMonoData
      (force
        [
          [
            [
              { [ MyMonoData_match ds ] (delayed (con integer)) }
              (lam
                default_arg0
                (con integer)
                (lam default_arg1 (con integer) (delay (error (con integer))))
              )
            ]
            (lam a (con integer) (delay a))
          ]
          (lam default_arg0 (con integer) (delay (error (con integer))))
        ]
      )
    )
  )
)