(program
  (let
    (nonrec)
    (datatypebind
      (datatype
        (tyvardecl Bool (type))

        Bool_match
        (vardecl True Bool) (vardecl False Bool)
      )
    )
    (lam
      ds
      Bool
      (lam
        ds
        Bool
        (force
          [ [ { [ Bool_match ds ] (delayed Bool) } (delay ds) ] (delay False) ]
        )
      )
    )
  )
)