(delay
  (lam
    case_Tuple2_61
    [
      [ case_Tuple2_61 (con integer 1) ]
      (delay
        (lam
          case_Nil_52
          (lam
            case_Cons_53
            [
              [ case_Cons_53 (con integer 2) ]
              (delay
                (lam
                  case_Nil_52
                  (lam
                    case_Cons_53
                    [
                      [ case_Cons_53 (con integer 3) ]
                      (delay (lam case_Nil_48 (lam case_Cons_49 case_Nil_48)))
                    ]
                  )
                )
              )
            ]
          )
        )
      )
    ]
  )
)