(program
  (let
    (nonrec)
    (datatypebind
      (datatype
        (tyvardecl Bool (type))

        Bool_match
        (vardecl True Bool) (vardecl False Bool)
      )
    )
    (termbind
      (strict)
      (vardecl trace (all a (type) (fun (con string) (fun a a))))
      (abs
        a
        (type)
        (lam s (con string) [ { (builtin chooseUnit) a } [ (builtin trace) s ] ]
        )
      )
    )
    (datatypebind
      (datatype (tyvardecl Unit (type))  Unit_match (vardecl Unit Unit))
    )
    (termbind
      (strict)
      (vardecl error (all a (type) (fun (con unit) a)))
      (abs a (type) (lam thunk (con unit) (error a)))
    )
    (termbind
      (strict)
      (vardecl traceError (all a (type) (fun (con string) a)))
      (abs
        a
        (type)
        (lam
          str
          (con string)
          [
            { error a }
            [
              {
                [
                  Unit_match
                  [
                    [ { (builtin chooseUnit) Unit } [ (builtin trace) str ] ]
                    Unit
                  ]
                ]
                (con unit)
              }
              (con unit ())
            ]
          ]
        )
      )
    )
    (lam
      ds
      Bool
      (force
        [
          [
            { [ Bool_match ds ] (delayed Unit) }
            (delay [ [ { trace Unit } (con string "yes") ] Unit ])
          ]
          (delay [ { traceError Unit } (con string "no") ])
        ]
      )
    )
  )
)