(program
  (let
    (nonrec)
    (datatypebind
      (datatype
        (tyvardecl Bool (type))

        Bool_match
        (vardecl True Bool) (vardecl False Bool)
      )
    )
    (termbind
      (strict)
      (vardecl equalsInteger (fun (con integer) (fun (con integer) Bool)))
      (lam
        x
        (con integer)
        (lam
          y
          (con integer)
          [
            [
              [
                { (builtin ifThenElse) Bool }
                [ [ (builtin equalsInteger) x ] y ]
              ]
              True
            ]
            False
          ]
        )
      )
    )
    (lam
      ds
      (con integer)
      (lam
        ds
        (con integer)
        (let
          (nonrec)
          (termbind
            (strict)
            (vardecl fail (fun (all a (type) a) Bool))
            (lam ds (all a (type) a) False)
          )
          (force
            [
              [
                { [ Bool_match [ [ equalsInteger ds ] ds ] ] (delayed Bool) }
                (delay
                  (force
                    [
                      [
                        {
                          [ Bool_match [ [ equalsInteger ds ] ds ] ]
                          (delayed Bool)
                        }
                        (delay True)
                      ]
                      (delay [ fail (abs e (type) (error e)) ])
                    ]
                  )
                )
              ]
              (delay [ fail (abs e (type) (error e)) ])
            ]
          )
        )
      )
    )
  )
)