(let
  (nonrec)
  (termbind
    (strict)
    (vardecl unitval (delayed (all a (type) (fun a a))))
    (delay (abs a (type) (lam x a x)))
  )
  (force unitval)
)